// Jest Snapshot v1, https://jestjs.io/docs/snapshot-testing

exports[`Navbar renders correctly 1`] = `
<div>
  <nav>
    <div
      class="mx-auto px-4 py-2 md:px-8 md:py-4"
    >
      <div
        class="flex items-center justify-between"
      >
        <div
          class="text-xl font-bold"
        >
          <a
            href="/"
          >
            crystallised.md
          </a>
        </div>
        <a
          href="/posts"
        >
          Notes
        </a>
      </div>
    </div>
  </nav>
</div>
`;
